FLASH_program.c:18:18:FLASH_CONFIG	16	static
FLASH_program.c:49:18:FLASH_OB_UNLOCK	16	static
FLASH_program.c:66:18:FLASH_UNLOCK	16	static
FLASH_program.c:83:18:FLASH_LOCK	16	static
FLASH_program.c:92:18:FLASH_OB_LOCK	16	static
FLASH_program.c:100:18:FLASH_GET_FLAG_STATUS	24	static
FLASH_program.c:146:18:FLASH_WRITE_PROTECTION_CFG	24	static
FLASH_program.c:183:18:FLASH_ERAESE	24	static
FLASH_program.c:232:18:FLASH_WRITE_BYTE	24	static
FLASH_program.c:259:7:FLASH_READ_PROTECTION_LEVEL	16	static
FLASH_program.c:270:18:FLASH_LEVEL_SELECT_FUN	24	static
FLASH_program.c:309:13:FLASH_APPLY_OPTION_CHANGES	8	static
