Archive member included to satisfy reference by file (symbol)

c:/st/stm32cubeide_1.4.0/stm32cubeide/plugins/com.st.stm32cube.ide.mcu.externaltools.gnu-tools-for-stm32.7-2018-q2-update.win32_1.4.0.202007081208/tools/bin/../lib/gcc/arm-none-eabi/7.3.1/../../../../arm-none-eabi/lib/thumb/v7e-m/fpv4-sp/hard\libc_nano.a(lib_a-atoi.o)
                              Src/BOOTLOADER/Bootloader_program.o (atoi)
c:/st/stm32cubeide_1.4.0/stm32cubeide/plugins/com.st.stm32cube.ide.mcu.externaltools.gnu-tools-for-stm32.7-2018-q2-update.win32_1.4.0.202007081208/tools/bin/../lib/gcc/arm-none-eabi/7.3.1/../../../../arm-none-eabi/lib/thumb/v7e-m/fpv4-sp/hard\libc_nano.a(lib_a-errno.o)
                              Src/syscalls.o (__errno)
c:/st/stm32cubeide_1.4.0/stm32cubeide/plugins/com.st.stm32cube.ide.mcu.externaltools.gnu-tools-for-stm32.7-2018-q2-update.win32_1.4.0.202007081208/tools/bin/../lib/gcc/arm-none-eabi/7.3.1/../../../../arm-none-eabi/lib/thumb/v7e-m/fpv4-sp/hard\libc_nano.a(lib_a-exit.o)
                              c:/st/stm32cubeide_1.4.0/stm32cubeide/plugins/com.st.stm32cube.ide.mcu.externaltools.gnu-tools-for-stm32.7-2018-q2-update.win32_1.4.0.202007081208/tools/bin/../lib/gcc/arm-none-eabi/7.3.1/../../../../arm-none-eabi/lib/thumb/v7e-m/fpv4-sp/hard/crt0.o (exit)
c:/st/stm32cubeide_1.4.0/stm32cubeide/plugins/com.st.stm32cube.ide.mcu.externaltools.gnu-tools-for-stm32.7-2018-q2-update.win32_1.4.0.202007081208/tools/bin/../lib/gcc/arm-none-eabi/7.3.1/../../../../arm-none-eabi/lib/thumb/v7e-m/fpv4-sp/hard\libc_nano.a(lib_a-impure.o)
                              c:/st/stm32cubeide_1.4.0/stm32cubeide/plugins/com.st.stm32cube.ide.mcu.externaltools.gnu-tools-for-stm32.7-2018-q2-update.win32_1.4.0.202007081208/tools/bin/../lib/gcc/arm-none-eabi/7.3.1/../../../../arm-none-eabi/lib/thumb/v7e-m/fpv4-sp/hard\libc_nano.a(lib_a-exit.o) (_global_impure_ptr)
c:/st/stm32cubeide_1.4.0/stm32cubeide/plugins/com.st.stm32cube.ide.mcu.externaltools.gnu-tools-for-stm32.7-2018-q2-update.win32_1.4.0.202007081208/tools/bin/../lib/gcc/arm-none-eabi/7.3.1/../../../../arm-none-eabi/lib/thumb/v7e-m/fpv4-sp/hard\libc_nano.a(lib_a-init.o)
                              c:/st/stm32cubeide_1.4.0/stm32cubeide/plugins/com.st.stm32cube.ide.mcu.externaltools.gnu-tools-for-stm32.7-2018-q2-update.win32_1.4.0.202007081208/tools/bin/../lib/gcc/arm-none-eabi/7.3.1/../../../../arm-none-eabi/lib/thumb/v7e-m/fpv4-sp/hard/crt0.o (__libc_init_array)
c:/st/stm32cubeide_1.4.0/stm32cubeide/plugins/com.st.stm32cube.ide.mcu.externaltools.gnu-tools-for-stm32.7-2018-q2-update.win32_1.4.0.202007081208/tools/bin/../lib/gcc/arm-none-eabi/7.3.1/../../../../arm-none-eabi/lib/thumb/v7e-m/fpv4-sp/hard\libc_nano.a(lib_a-memset.o)
                              c:/st/stm32cubeide_1.4.0/stm32cubeide/plugins/com.st.stm32cube.ide.mcu.externaltools.gnu-tools-for-stm32.7-2018-q2-update.win32_1.4.0.202007081208/tools/bin/../lib/gcc/arm-none-eabi/7.3.1/../../../../arm-none-eabi/lib/thumb/v7e-m/fpv4-sp/hard/crt0.o (memset)
c:/st/stm32cubeide_1.4.0/stm32cubeide/plugins/com.st.stm32cube.ide.mcu.externaltools.gnu-tools-for-stm32.7-2018-q2-update.win32_1.4.0.202007081208/tools/bin/../lib/gcc/arm-none-eabi/7.3.1/../../../../arm-none-eabi/lib/thumb/v7e-m/fpv4-sp/hard\libc_nano.a(lib_a-sprintf.o)
                              Src/ECUAL/LCD/LCD_program.o (sprintf)
c:/st/stm32cubeide_1.4.0/stm32cubeide/plugins/com.st.stm32cube.ide.mcu.externaltools.gnu-tools-for-stm32.7-2018-q2-update.win32_1.4.0.202007081208/tools/bin/../lib/gcc/arm-none-eabi/7.3.1/../../../../arm-none-eabi/lib/thumb/v7e-m/fpv4-sp/hard\libc_nano.a(lib_a-strtol.o)
                              c:/st/stm32cubeide_1.4.0/stm32cubeide/plugins/com.st.stm32cube.ide.mcu.externaltools.gnu-tools-for-stm32.7-2018-q2-update.win32_1.4.0.202007081208/tools/bin/../lib/gcc/arm-none-eabi/7.3.1/../../../../arm-none-eabi/lib/thumb/v7e-m/fpv4-sp/hard\libc_nano.a(lib_a-atoi.o) (_strtol_r)
c:/st/stm32cubeide_1.4.0/stm32cubeide/plugins/com.st.stm32cube.ide.mcu.externaltools.gnu-tools-for-stm32.7-2018-q2-update.win32_1.4.0.202007081208/tools/bin/../lib/gcc/arm-none-eabi/7.3.1/../../../../arm-none-eabi/lib/thumb/v7e-m/fpv4-sp/hard\libc_nano.a(lib_a-vsprintf.o)
                              Src/BOOTLOADER/Bootloader_program.o (vsprintf)
c:/st/stm32cubeide_1.4.0/stm32cubeide/plugins/com.st.stm32cube.ide.mcu.externaltools.gnu-tools-for-stm32.7-2018-q2-update.win32_1.4.0.202007081208/tools/bin/../lib/gcc/arm-none-eabi/7.3.1/../../../../arm-none-eabi/lib/thumb/v7e-m/fpv4-sp/hard\libc_nano.a(lib_a-locale.o)
                              c:/st/stm32cubeide_1.4.0/stm32cubeide/plugins/com.st.stm32cube.ide.mcu.externaltools.gnu-tools-for-stm32.7-2018-q2-update.win32_1.4.0.202007081208/tools/bin/../lib/gcc/arm-none-eabi/7.3.1/../../../../arm-none-eabi/lib/thumb/v7e-m/fpv4-sp/hard\libc_nano.a(lib_a-strtol.o) (__locale_ctype_ptr_l)
[...]
Memory Configuration

Name             Origin             Length             Attributes
RAM              0x0000000020000000 0x0000000000010000 xrw
ROM              0x0000000008008000 0x0000000000038000 xr
*default*        0x0000000000000000 0xffffffffffffffff

Linker script and memory map

LOAD c:/st/stm32cubeide_1.4.0/stm32cubeide/plugins/com.st.stm32cube.ide.mcu.externaltools.gnu-tools-for-stm32.7-2018-q2-update.win32_1.4.0.202007081208/tools/bin/../lib/gcc/arm-none-eabi/7.3.1/thumb/v7e-m/fpv4-sp/hard/crti.o
LOAD c:/st/stm32cubeide_1.4.0/stm32cubeide/plugins/com.st.stm32cube.ide.mcu.externaltools.gnu-tools-for-stm32.7-2018-q2-update.win32_1.4.0.202007081208/tools/bin/../lib/gcc/arm-none-eabi/7.3.1/thumb/v7e-m/fpv4-sp/hard/crtbegin.o
LOAD c:/st/stm32cubeide_1.4.0/stm32cubeide/plugins/com.st.stm32cube.ide.mcu.externaltools.gnu-tools-for-stm32.7-2018-q2-update.win32_1.4.0.202007081208/tools/bin/../lib/gcc/arm-none-eabi/7.3.1/../../../../arm-none-eabi/lib/thumb/v7e-m/fpv4-sp/hard/crt0.o
LOAD Src/BOOTLOADER/Bootloader_program.o
LOAD Src/ECUAL/BUTTON/BUTTON_program.o
LOAD Src/ECUAL/BUZZER/BUZZER_programm.o
LOAD Src/ECUAL/KEYPAD/keypad_program.o
LOAD Src/ECUAL/LCD/LCD_program.o
LOAD Src/ECUAL/LED/LED_program.o
LOAD Src/ECUAL/MOTOR/MOTOR_program.o
LOAD Src/ECUAL/SEGMENT/SEGEMENT_program.o
LOAD Src/ECUAL/TFT/TFT_image.o
LOAD Src/ECUAL/TFT/TFT_program.o
LOAD Src/MCAL/CRC/CRC_program.o
LOAD Src/MCAL/DMA/DMA_program.o
LOAD Src/MCAL/EXTI/EXTI_program.o
LOAD Src/MCAL/FLASH/FLASH_program.o
LOAD Src/MCAL/GPIO/GPIO_program.o
LOAD Src/MCAL/NVIC/NVIC_program.o
LOAD Src/MCAL/RCC/RCC_program.o
LOAD Src/MCAL/SPI/SPI_program.o
LOAD Src/MCAL/SYSTEM_CTRL/SYS_CTRL_program.o
LOAD Src/MCAL/SYSTICK/SYSTICK_program.o
LOAD Src/MCAL/USART/USART_program.o
LOAD Src/main.o
LOAD Src/syscalls.o
LOAD Src/sysmem.o
LOAD Startup/startup_stm32f401ccux.o
START GROUP
LOAD c:/st/stm32cubeide_1.4.0/stm32cubeide/plugins/com.st.stm32cube.ide.mcu.externaltools.gnu-tools-for-stm32.7-2018-q2-update.win32_1.4.0.202007081208/tools/bin/../lib/gcc/arm-none-eabi/7.3.1/../../../../arm-none-eabi/lib/thumb/v7e-m/fpv4-sp/hard\libc_nano.a
LOAD c:/st/stm32cubeide_1.4.0/stm32cubeide/plugins/com.st.stm32cube.ide.mcu.externaltools.gnu-tools-for-stm32.7-2018-q2-update.win32_1.4.0.202007081208/tools/bin/../lib/gcc/arm-none-eabi/7.3.1/../../../../arm-none-eabi/lib/thumb/v7e-m/fpv4-sp/hard\libm.a
END GROUP
START GROUP
LOAD c:/st/stm32cubeide_1.4.0/stm32cubeide/plugins/com.st.stm32cube.ide.mcu.externaltools.gnu-tools-for-stm32.7-2018-q2-update.win32_1.4.0.202007081208/tools/bin/../lib/gcc/arm-none-eabi/7.3.1/thumb/v7e-m/fpv4-sp/hard\libgcc.a
LOAD c:/st/stm32cubeide_1.4.0/stm32cubeide/plugins/com.st.stm32cube.ide.mcu.externaltools.gnu-tools-for-stm32.7-2018-q2-update.win32_1.4.0.202007081208/tools/bin/../lib/gcc/arm-none-eabi/7.3.1/../../../../arm-none-eabi/lib/thumb/v7e-m/fpv4-sp/hard\libc_nano.a
END GROUP
START GROUP
LOAD c:/st/stm32cubeide_1.4.0/stm32cubeide/plugins/com.st.stm32cube.ide.mcu.externaltools.gnu-tools-for-stm32.7-2018-q2-update.win32_1.4.0.202007081208/tools/bin/../lib/gcc/arm-none-eabi/7.3.1/thumb/v7e-m/fpv4-sp/hard\libgcc.a
LOAD c:/st/stm32cubeide_1.4.0/stm32cubeide/plugins/com.st.stm32cube.ide.mcu.externaltools.gnu-tools-for-stm32.7-2018-q2-update.win32_1.4.0.202007081208/tools/bin/../lib/gcc/arm-none-eabi/7.3.1/../../../../arm-none-eabi/lib/thumb/v7e-m/fpv4-sp/hard\libc_nano.a
LOAD c:/st/stm32cubeide_1.4.0/stm32cubeide/plugins/com.st.stm32cube.ide.mcu.externaltools.gnu-tools-for-stm32.7-2018-q2-update.win32_1.4.0.202007081208/tools/bin/../lib/gcc/arm-none-eabi/7.3.1/../../../../arm-none-eabi/lib/thumb/v7e-m/fpv4-sp/hard\libnosys.a
END GROUP
START GROUP
LOAD c:/st/stm32cubeide_1.4.0/stm32cubeide/plugins/com.st.stm32cube.ide.mcu.externaltools.gnu-tools-for-stm32.7-2018-q2-update.win32_1.4.0.202007081208/tools/bin/../lib/gcc/arm-none-eabi/7.3.1/thumb/v7e-m/fpv4-sp/hard\libgcc.a
LOAD c:/st/stm32cubeide_1.4.0/stm32cubeide/plugins/com.st.stm32cube.ide.mcu.externaltools.gnu-tools-for-stm32.7-2018-q2-update.win32_1.4.0.202007081208/tools/bin/../lib/gcc/arm-none-eabi/7.3.1/../../../../arm-none-eabi/lib/thumb/v7e-m/fpv4-sp/hard\libc_nano.a
LOAD c:/st/stm32cubeide_1.4.0/stm32cubeide/plugins/com.st.stm32cube.ide.mcu.externaltools.gnu-tools-for-stm32.7-2018-q2-update.win32_1.4.0.202007081208/tools/bin/../lib/gcc/arm-none-eabi/7.3.1/../../../../arm-none-eabi/lib/thumb/v7e-m/fpv4-sp/hard\libnosys.a
END GROUP
LOAD c:/st/stm32cubeide_1.4.0/stm32cubeide/plugins/com.st.stm32cube.ide.mcu.externaltools.gnu-tools-for-stm32.7-2018-q2-update.win32_1.4.0.202007081208/tools/bin/../lib/gcc/arm-none-eabi/7.3.1/thumb/v7e-m/fpv4-sp/hard/crtend.o
LOAD c:/st/stm32cubeide_1.4.0/stm32cubeide/plugins/com.st.stm32cube.ide.mcu.externaltools.gnu-tools-for-stm32.7-2018-q2-update.win32_1.4.0.202007081208/tools/bin/../lib/gcc/arm-none-eabi/7.3.1/thumb/v7e-m/fpv4-sp/hard/crtn.o
                0x0000000020010000                _estack = (ORIGIN (RAM) + LENGTH (RAM))
                0x0000000000000200                _Min_Heap_Size = 0x200
                0x0000000000000400                _Min_Stack_Size = 0x400

.isr_vector     0x0000000008008000      0x194
                0x0000000008008000                . = ALIGN (0x4)
 *(.isr_vector)
 .isr_vector    0x0000000008008000      0x194 Startup/startup_stm32f401ccux.o
                0x0000000008008000                g_pfnVectors
                0x0000000008008194                . = ALIGN (0x4)

.text           0x0000000008008194      0xec8
                0x0000000008008194                . = ALIGN (0x4)
 *(.text)
 .text          0x0000000008008194       0x40 c:/st/stm32cubeide_1.4.0/stm32cubeide/plugins/com.st.stm32cube.ide.mcu.externaltools.gnu-tools-for-stm32.7-2018-q2-update.win32_1.4.0.202007081208/tools/bin/../lib/gcc/arm-none-eabi/7.3.1/thumb/v7e-m/fpv4-sp/hard/crtbegin.o
 *(.text*)
 .text.BUZZER_INTIATIAZE
                0x00000000080081d4       0x6e Src/ECUAL/BUZZER/BUZZER_programm.o
                0x00000000080081d4                BUZZER_INTIATIAZE
 .text.BUZZER_TURN_ON
                0x0000000008008242       0x2c Src/ECUAL/BUZZER/BUZZER_programm.o
                0x0000000008008242                BUZZER_TURN_ON
 .text.LED_INTIALIZE
                0x000000000800826e       0x6e Src/ECUAL/LED/LED_program.o
                0x000000000800826e                LED_INTIALIZE
 .text.LED_TURN_ON
                0x00000000080082dc       0x2c Src/ECUAL/LED/LED_program.o
                0x00000000080082dc                LED_TURN_ON
 .text.EXTI0_IRQHandler
                0x0000000008008308       0x14 Src/MCAL/EXTI/EXTI_program.o
                0x0000000008008308                EXTI0_IRQHandler
 .text.EXTI1_IRQHandler
                0x000000000800831c       0x14 Src/MCAL/EXTI/EXTI_program.o
                0x000000000800831c                EXTI1_IRQHandler
 .text.EXTI2_IRQHandler
                0x0000000008008330       0x14 Src/MCAL/EXTI/EXTI_program.o
                0x0000000008008330                EXTI2_IRQHandler
 .text.EXTI3_IRQHandler
                0x0000000008008344       0x14 Src/MCAL/EXTI/EXTI_program.o
                0x0000000008008344                EXTI3_IRQHandler
 .text.EXTI4_IRQHandler
                0x0000000008008358       0x14 Src/MCAL/EXTI/EXTI_program.o
                0x0000000008008358                EXTI4_IRQHandler
 .text.GPIO_PIN_SET_MODE
                0x000000000800836c      0x1c8 Src/MCAL/GPIO/GPIO_program.o
                0x000000000800836c                GPIO_PIN_SET_MODE
 .text.GPIO_PIN_SET_OUTPUT_TYPE
                0x0000000008008534       0x98 Src/MCAL/GPIO/GPIO_program.o
                0x0000000008008534                GPIO_PIN_SET_OUTPUT_TYPE
 .text.GPIO_PIN_SET_OUTPUT_SPEED
                0x00000000080085cc      0x1c8 Src/MCAL/GPIO/GPIO_program.o
                0x00000000080085cc                GPIO_PIN_SET_OUTPUT_SPEED
 .text.GPIO_PIN_SET_PULL_TYPE
                0x0000000008008794      0x160 Src/MCAL/GPIO/GPIO_program.o
                0x0000000008008794                GPIO_PIN_SET_PULL_TYPE
 .text.GPIO_PIN_GET_PIN_LOGIC
                0x00000000080088f4       0x5c Src/MCAL/GPIO/GPIO_program.o
                0x00000000080088f4                GPIO_PIN_GET_PIN_LOGIC
 .text.GPIO_PIN_SET_PIN_LOGIC
                0x0000000008008950       0x9c Src/MCAL/GPIO/GPIO_program.o
                0x0000000008008950                GPIO_PIN_SET_PIN_LOGIC
 .text.RCC_INTIALIZE
                0x00000000080089ec       0x1a Src/MCAL/RCC/RCC_program.o
                0x00000000080089ec                RCC_INTIALIZE
 *fill*         0x0000000008008a06        0x2 
 .text.RCC_PERIPHERAL_ENABLE
                0x0000000008008a08       0x64 Src/MCAL/RCC/RCC_program.o
                0x0000000008008a08                RCC_PERIPHERAL_ENABLE
 .text.RCC_AHB1_PHERIPHERAL_ENABLE
                0x0000000008008a6c      0x11c Src/MCAL/RCC/RCC_program.o
 .text.RCC_AHB2_PHERIPHERAL_ENABLE
                0x0000000008008b88       0x2c Src/MCAL/RCC/RCC_program.o
 .text.RCC_APB1_PHERIPHERAL_ENABLE
                0x0000000008008bb4      0x168 Src/MCAL/RCC/RCC_program.o
 .text.RCC_APB2_PHERIPHERAL_ENABLE
                0x0000000008008d1c      0x130 Src/MCAL/RCC/RCC_program.o
 .text.RCC_HSI_INTIALIZE
                0x0000000008008e4c       0x54 Src/MCAL/RCC/RCC_program.o
 .text.SYSTICK_DE_INIT
                0x0000000008008ea0       0x40 Src/MCAL/SYSTICK/SYSTICK_program.o
                0x0000000008008ea0                SYSTICK_DE_INIT
 .text.SysTick_Handler
                0x0000000008008ee0       0x34 Src/MCAL/SYSTICK/SYSTICK_program.o
                0x0000000008008ee0                SysTick_Handler
 .text.main     0x0000000008008f14       0x40 Src/main.o
                0x0000000008008f14                main
 .text.pin_intialize
                0x0000000008008f54       0x54 Src/main.o
                0x0000000008008f54                pin_intialize
 .text.Reset_Handler
                0x0000000008008fa8       0x50 Startup/startup_stm32f401ccux.o
                0x0000000008008fa8                Reset_Handler
 .text.Default_Handler
                0x0000000008008ff8        0x2 Startup/startup_stm32f401ccux.o
                0x0000000008008ff8                RTC_Alarm_IRQHandler
                0x0000000008008ff8                DebugMon_Handler
                0x0000000008008ff8                SPI4_IRQHandler
                0x0000000008008ff8                TIM1_CC_IRQHandler
                0x0000000008008ff8                HardFault_Handler
                0x0000000008008ff8                PVD_IRQHandler
                0x0000000008008ff8                SDIO_IRQHandler
                0x0000000008008ff8                TAMP_STAMP_IRQHandler
                0x0000000008008ff8                PendSV_Handler
                0x0000000008008ff8                NMI_Handler
                0x0000000008008ff8                TIM1_UP_TIM10_IRQHandler
                0x0000000008008ff8                I2C3_ER_IRQHandler
                0x0000000008008ff8                I2C2_EV_IRQHandler
                0x0000000008008ff8                FPU_IRQHandler
                0x0000000008008ff8                UsageFault_Handler
                0x0000000008008ff8                SPI1_IRQHandler
                0x0000000008008ff8                TIM1_BRK_TIM9_IRQHandler
                0x0000000008008ff8                I2C1_EV_IRQHandler
                0x0000000008008ff8                TIM3_IRQHandler
                0x0000000008008ff8                RCC_IRQHandler
                0x0000000008008ff8                Default_Handler
                0x0000000008008ff8                EXTI15_10_IRQHandler
                0x0000000008008ff8                ADC_IRQHandler
                0x0000000008008ff8                I2C3_EV_IRQHandler
                0x0000000008008ff8                EXTI9_5_IRQHandler
                0x0000000008008ff8                RTC_WKUP_IRQHandler
                0x0000000008008ff8                SPI2_IRQHandler
                0x0000000008008ff8                MemManage_Handler
                0x0000000008008ff8                SVC_Handler
                0x0000000008008ff8                TIM2_IRQHandler
                0x0000000008008ff8                OTG_FS_WKUP_IRQHandler
                0x0000000008008ff8                TIM1_TRG_COM_TIM11_IRQHandler
                0x0000000008008ff8                I2C2_ER_IRQHandler
                0x0000000008008ff8                FLASH_IRQHandler
                0x0000000008008ff8                BusFault_Handler
                0x0000000008008ff8                OTG_FS_IRQHandler
                0x0000000008008ff8                SPI3_IRQHandler
                0x0000000008008ff8                I2C1_ER_IRQHandler
 *fill*         0x0000000008008ffa        0x2 
 .text.__libc_init_array
                0x0000000008008ffc       0x48 c:/st/stm32cubeide_1.4.0/stm32cubeide/plugins/com.st.stm32cube.ide.mcu.externaltools.gnu-tools-for-stm32.7-2018-q2-update.win32_1.4.0.202007081208/tools/bin/../lib/gcc/arm-none-eabi/7.3.1/../../../../arm-none-eabi/lib/thumb/v7e-m/fpv4-sp/hard\libc_nano.a(lib_a-init.o)
                0x0000000008008ffc                __libc_init_array
 *(.glue_7)
 .glue_7        0x0000000008009044        0x0 linker stubs
 *(.glue_7t)
 .glue_7t       0x0000000008009044        0x0 linker stubs
 *(.eh_frame)
 .eh_frame      0x0000000008009044        0x0 c:/st/stm32cubeide_1.4.0/stm32cubeide/plugins/com.st.stm32cube.ide.mcu.externaltools.gnu-tools-for-stm32.7-2018-q2-update.win32_1.4.0.202007081208/tools/bin/../lib/gcc/arm-none-eabi/7.3.1/thumb/v7e-m/fpv4-sp/hard/crtbegin.o
 *(.init)
 .init          0x0000000008009044        0x4 c:/st/stm32cubeide_1.4.0/stm32cubeide/plugins/com.st.stm32cube.ide.mcu.externaltools.gnu-tools-for-stm32.7-2018-q2-update.win32_1.4.0.202007081208/tools/bin/../lib/gcc/arm-none-eabi/7.3.1/thumb/v7e-m/fpv4-sp/hard/crti.o
                0x0000000008009044                _init
 .init          0x0000000008009048        0x8 c:/st/stm32cubeide_1.4.0/stm32cubeide/plugins/com.st.stm32cube.ide.mcu.externaltools.gnu-tools-for-stm32.7-2018-q2-update.win32_1.4.0.202007081208/tools/bin/../lib/gcc/arm-none-eabi/7.3.1/thumb/v7e-m/fpv4-sp/hard/crtn.o
 *(.fini)
 .fini          0x0000000008009050        0x4 c:/st/stm32cubeide_1.4.0/stm32cubeide/plugins/com.st.stm32cube.ide.mcu.externaltools.gnu-tools-for-stm32.7-2018-q2-update.win32_1.4.0.202007081208/tools/bin/../lib/gcc/arm-none-eabi/7.3.1/thumb/v7e-m/fpv4-sp/hard/crti.o
                0x0000000008009050                _fini
 .fini          0x0000000008009054        0x8 c:/st/stm32cubeide_1.4.0/stm32cubeide/plugins/com.st.stm32cube.ide.mcu.externaltools.gnu-tools-for-stm32.7-2018-q2-update.win32_1.4.0.202007081208/tools/bin/../lib/gcc/arm-none-eabi/7.3.1/thumb/v7e-m/fpv4-sp/hard/crtn.o
                0x000000000800905c                . = ALIGN (0x4)
                0x000000000800905c                _etext = .

.vfp11_veneer   0x000000000800905c        0x0
 .vfp11_veneer  0x000000000800905c        0x0 linker stubs

.v4_bx          0x000000000800905c        0x0
 .v4_bx         0x000000000800905c        0x0 linker stubs

.iplt           0x000000000800905c        0x0
 .iplt          0x000000000800905c        0x0 c:/st/stm32cubeide_1.4.0/stm32cubeide/plugins/com.st.stm32cube.ide.mcu.externaltools.gnu-tools-for-stm32.7-2018-q2-update.win32_1.4.0.202007081208/tools/bin/../lib/gcc/arm-none-eabi/7.3.1/thumb/v7e-m/fpv4-sp/hard/crtbegin.o

.rel.dyn        0x000000000800905c        0x0
 .rel.iplt      0x000000000800905c        0x0 c:/st/stm32cubeide_1.4.0/stm32cubeide/plugins/com.st.stm32cube.ide.mcu.externaltools.gnu-tools-for-stm32.7-2018-q2-update.win32_1.4.0.202007081208/tools/bin/../lib/gcc/arm-none-eabi/7.3.1/thumb/v7e-m/fpv4-sp/hard/crtbegin.o

.rodata         0x000000000800905c        0x0
                0x000000000800905c                . = ALIGN (0x4)
 *(.rodata)
 *(.rodata*)
                0x000000000800905c                . = ALIGN (0x4)

.ARM.extab      0x000000000800905c        0x0
                0x000000000800905c                . = ALIGN (0x4)
 *(.ARM.extab* .gnu.linkonce.armextab.*)
                0x000000000800905c                . = ALIGN (0x4)

.ARM            0x000000000800905c        0x0
                0x000000000800905c                . = ALIGN (0x4)
                0x000000000800905c                __exidx_start = .
 *(.ARM.exidx*)
                0x000000000800905c                __exidx_end = .
                0x000000000800905c                . = ALIGN (0x4)

.preinit_array  0x000000000800905c        0x0
                0x000000000800905c                . = ALIGN (0x4)
                0x000000000800905c                PROVIDE (__preinit_array_start = .)
 *(.preinit_array*)
                0x000000000800905c                PROVIDE (__preinit_array_end = .)
                0x000000000800905c                . = ALIGN (0x4)

.init_array     0x000000000800905c        0x4
                0x000000000800905c                . = ALIGN (0x4)
                0x000000000800905c                PROVIDE (__init_array_start = .)
 *(SORT_BY_NAME(.init_array.*))
 *(.init_array*)
 .init_array    0x000000000800905c        0x4 c:/st/stm32cubeide_1.4.0/stm32cubeide/plugins/com.st.stm32cube.ide.mcu.externaltools.gnu-tools-for-stm32.7-2018-q2-update.win32_1.4.0.202007081208/tools/bin/../lib/gcc/arm-none-eabi/7.3.1/thumb/v7e-m/fpv4-sp/hard/crtbegin.o
                0x0000000008009060                PROVIDE (__init_array_end = .)
                0x0000000008009060                . = ALIGN (0x4)

.fini_array     0x0000000008009060        0x4
                0x0000000008009060                . = ALIGN (0x4)
                [!provide]                        PROVIDE (__fini_array_start = .)
 *(SORT_BY_NAME(.fini_array.*))
 *(.fini_array*)
 .fini_array    0x0000000008009060        0x4 c:/st/stm32cubeide_1.4.0/stm32cubeide/plugins/com.st.stm32cube.ide.mcu.externaltools.gnu-tools-for-stm32.7-2018-q2-update.win32_1.4.0.202007081208/tools/bin/../lib/gcc/arm-none-eabi/7.3.1/thumb/v7e-m/fpv4-sp/hard/crtbegin.o
                [!provide]                        PROVIDE (__fini_array_end = .)
                0x0000000008009064                . = ALIGN (0x4)
                0x0000000008009064                _sidata = LOADADDR (.data)

.data           0x0000000020000000       0xac load address 0x0000000008009064
                0x0000000020000000                . = ALIGN (0x4)
                0x0000000020000000                _sdata = .
 *(.data)
 *(.data*)
 .data.MODE_REG
                0x0000000020000000       0x18 Src/MCAL/GPIO/GPIO_program.o
                0x0000000020000000                MODE_REG
 .data.ODR_REG  0x0000000020000018       0x18 Src/MCAL/GPIO/GPIO_program.o
                0x0000000020000018                ODR_REG
 .data.IDR_REG  0x0000000020000030       0x18 Src/MCAL/GPIO/GPIO_program.o
                0x0000000020000030                IDR_REG
 .data.OTYPER_REG
                0x0000000020000048       0x18 Src/MCAL/GPIO/GPIO_program.o
                0x0000000020000048                OTYPER_REG
 .data.OSPEEDR_REG
                0x0000000020000060       0x18 Src/MCAL/GPIO/GPIO_program.o
                0x0000000020000060                OSPEEDR_REG
 .data.PUPDR_REG
                0x0000000020000078       0x18 Src/MCAL/GPIO/GPIO_program.o
                0x0000000020000078                PUPDR_REG
 .data.RET      0x0000000020000090        0x4 Src/main.o
                0x0000000020000090                RET
 .data.LED1     0x0000000020000094        0x7 Src/main.o
                0x0000000020000094                LED1
 *fill*         0x000000002000009b        0x1 
 .data.LED2     0x000000002000009c        0x7 Src/main.o
                0x000000002000009c                LED2
 *fill*         0x00000000200000a3        0x1 
 .data.BUZZER   0x00000000200000a4        0x7 Src/main.o
                0x00000000200000a4                BUZZER
                0x00000000200000ac                . = ALIGN (0x4)
 *fill*         0x00000000200000ab        0x1 
                0x00000000200000ac                _edata = .

.igot.plt       0x00000000200000ac        0x0 load address 0x0000000008009110
 .igot.plt      0x00000000200000ac        0x0 c:/st/stm32cubeide_1.4.0/stm32cubeide/plugins/com.st.stm32cube.ide.mcu.externaltools.gnu-tools-for-stm32.7-2018-q2-update.win32_1.4.0.202007081208/tools/bin/../lib/gcc/arm-none-eabi/7.3.1/thumb/v7e-m/fpv4-sp/hard/crtbegin.o
                0x00000000200000ac                . = ALIGN (0x4)

.bss            0x00000000200000ac       0x64 load address 0x0000000008009110
                0x00000000200000ac                _sbss = .
                0x00000000200000ac                __bss_start__ = _sbss
 *(.bss)
 .bss           0x00000000200000ac       0x1c c:/st/stm32cubeide_1.4.0/stm32cubeide/plugins/com.st.stm32cube.ide.mcu.externaltools.gnu-tools-for-stm32.7-2018-q2-update.win32_1.4.0.202007081208/tools/bin/../lib/gcc/arm-none-eabi/7.3.1/thumb/v7e-m/fpv4-sp/hard/crtbegin.o
 *(.bss*)
 .bss.SYS_option
                0x00000000200000c8        0x4 Src/MCAL/SYSTICK/SYSTICK_program.o
 *(COMMON)
 COMMON         0x00000000200000cc       0x40 Src/MCAL/EXTI/EXTI_program.o
                0x00000000200000cc                G_pf
 COMMON         0x000000002000010c        0x4 Src/MCAL/SYSTICK/SYSTICK_program.o
                0x000000002000010c                SYS_CALLBACK
                0x0000000020000110                . = ALIGN (0x4)
                0x0000000020000110                _ebss = .
                0x0000000020000110                __bss_end__ = _ebss

._user_heap_stack
                0x0000000020000110      0x600 load address 0x0000000008009110
                0x0000000020000110                . = ALIGN (0x8)
                [!provide]                        PROVIDE (end = .)
                0x0000000020000110                PROVIDE (_end = .)
                0x0000000020000310                . = (. + _Min_Heap_Size)
 *fill*         0x0000000020000110      0x200 
                0x0000000020000710                . = (. + _Min_Stack_Size)
 *fill*         0x0000000020000310      0x400 
                0x0000000020000710                . = ALIGN (0x8)

/DISCARD/
 libc.a(*)
 libm.a(*)
 libgcc.a(*)

.ARM.attributes
                0x0000000000000000       0x30
 *(.ARM.attributes)
 .ARM.attributes
                0x0000000000000000       0x22 c:/st/stm32cubeide_1.4.0/stm32cubeide/plugins/com.st.stm32cube.ide.mcu.externaltools.gnu-tools-for-stm32.7-2018-q2-update.win32_1.4.0.202007081208/tools/bin/../lib/gcc/arm-none-eabi/7.3.1/thumb/v7e-m/fpv4-sp/hard/crti.o
 .ARM.attributes
                0x0000000000000022       0x34 c:/st/stm32cubeide_1.4.0/stm32cubeide/plugins/com.st.stm32cube.ide.mcu.externaltools.gnu-tools-for-stm32.7-2018-q2-update.win32_1.4.0.202007081208/tools/bin/../lib/gcc/arm-none-eabi/7.3.1/thumb/v7e-m/fpv4-sp/hard/crtbegin.o
 .ARM.attributes
                0x0000000000000056       0x39 Src/ECUAL/BUZZER/BUZZER_programm.o
 .ARM.attributes
                0x000000000000008f       0x39 Src/ECUAL/LED/LED_program.o
 .ARM.attributes
                0x00000000000000c8       0x39 Src/MCAL/EXTI/EXTI_program.o
 .ARM.attributes
                0x0000000000000101       0x39 Src/MCAL/GPIO/GPIO_program.o
 .ARM.attributes
                0x000000000000013a       0x39 Src/MCAL/RCC/RCC_program.o
 .ARM.attributes
                0x0000000000000173       0x39 Src/MCAL/SYSTICK/SYSTICK_program.o
 .ARM.attributes
                0x00000000000001ac       0x39 Src/main.o
 .ARM.attributes
                0x00000000000001e5       0x21 Startup/startup_stm32f401ccux.o
 .ARM.attributes
                0x0000000000000206       0x34 c:/st/stm32cubeide_1.4.0/stm32cubeide/plugins/com.st.stm32cube.ide.mcu.externaltools.gnu-tools-for-stm32.7-2018-q2-update.win32_1.4.0.202007081208/tools/bin/../lib/gcc/arm-none-eabi/7.3.1/../../../../arm-none-eabi/lib/thumb/v7e-m/fpv4-sp/hard\libc_nano.a(lib_a-init.o)
 .ARM.attributes
                0x000000000000023a       0x22 c:/st/stm32cubeide_1.4.0/stm32cubeide/plugins/com.st.stm32cube.ide.mcu.externaltools.gnu-tools-for-stm32.7-2018-q2-update.win32_1.4.0.202007081208/tools/bin/../lib/gcc/arm-none-eabi/7.3.1/thumb/v7e-m/fpv4-sp/hard/crtn.o
OUTPUT(STM32f401_ITI_Training.elf elf32-littlearm)

.debug_info     0x0000000000000000     0x2a11
 .debug_info    0x0000000000000000      0x434 Src/ECUAL/BUZZER/BUZZER_programm.o
 .debug_info    0x0000000000000434      0x434 Src/ECUAL/LED/LED_program.o
 .debug_info    0x0000000000000868      0x5af Src/MCAL/EXTI/EXTI_program.o
 .debug_info    0x0000000000000e17      0x700 Src/MCAL/GPIO/GPIO_program.o
 .debug_info    0x0000000000001517      0x618 Src/MCAL/RCC/RCC_program.o
 .debug_info    0x0000000000001b2f      0x2f6 Src/MCAL/SYSTICK/SYSTICK_program.o
 .debug_info    0x0000000000001e25      0xbca Src/main.o
 .debug_info    0x00000000000029ef       0x22 Startup/startup_stm32f401ccux.o

.debug_abbrev   0x0000000000000000      0x8fc
 .debug_abbrev  0x0000000000000000       0xe5 Src/ECUAL/BUZZER/BUZZER_programm.o
 .debug_abbrev  0x00000000000000e5       0xe5 Src/ECUAL/LED/LED_program.o
 .debug_abbrev  0x00000000000001ca      0x14e Src/MCAL/EXTI/EXTI_program.o
 .debug_abbrev  0x0000000000000318      0x1ac Src/MCAL/GPIO/GPIO_program.o
 .debug_abbrev  0x00000000000004c4      0x12f Src/MCAL/RCC/RCC_program.o
 .debug_abbrev  0x00000000000005f3      0x124 Src/MCAL/SYSTICK/SYSTICK_program.o
 .debug_abbrev  0x0000000000000717      0x1d3 Src/main.o
 .debug_abbrev  0x00000000000008ea       0x12 Startup/startup_stm32f401ccux.o

.debug_aranges  0x0000000000000000      0x300
 .debug_aranges
                0x0000000000000000       0x38 Src/ECUAL/BUZZER/BUZZER_programm.o
 .debug_aranges
                0x0000000000000038       0x38 Src/ECUAL/LED/LED_program.o
 .debug_aranges
                0x0000000000000070       0xd0 Src/MCAL/EXTI/EXTI_program.o
 .debug_aranges
                0x0000000000000140       0x80 Src/MCAL/GPIO/GPIO_program.o
 .debug_aranges
                0x00000000000001c0       0x88 Src/MCAL/RCC/RCC_program.o
 .debug_aranges
                0x0000000000000248       0x68 Src/MCAL/SYSTICK/SYSTICK_program.o
 .debug_aranges
                0x00000000000002b0       0x28 Src/main.o
 .debug_aranges
                0x00000000000002d8       0x28 Startup/startup_stm32f401ccux.o

.debug_ranges   0x0000000000000000      0x288
 .debug_ranges  0x0000000000000000       0x28 Src/ECUAL/BUZZER/BUZZER_programm.o
 .debug_ranges  0x0000000000000028       0x28 Src/ECUAL/LED/LED_program.o
 .debug_ranges  0x0000000000000050       0xc0 Src/MCAL/EXTI/EXTI_program.o
 .debug_ranges  0x0000000000000110       0x70 Src/MCAL/GPIO/GPIO_program.o
 .debug_ranges  0x0000000000000180       0x78 Src/MCAL/RCC/RCC_program.o
 .debug_ranges  0x00000000000001f8       0x58 Src/MCAL/SYSTICK/SYSTICK_program.o
 .debug_ranges  0x0000000000000250       0x18 Src/main.o
 .debug_ranges  0x0000000000000268       0x20 Startup/startup_stm32f401ccux.o

.debug_macro    0x0000000000000000      0x7fa
 .debug_macro   0x0000000000000000       0x79 Src/ECUAL/BUZZER/BUZZER_programm.o
 .debug_macro   0x0000000000000079       0x92 Src/ECUAL/LED/LED_program.o
 .debug_macro   0x000000000000010b       0x10 Src/ECUAL/LED/LED_program.o
 .debug_macro   0x000000000000011b       0x91 Src/MCAL/EXTI/EXTI_program.o
 .debug_macro   0x00000000000001ac       0x28 Src/MCAL/EXTI/EXTI_program.o
 .debug_macro   0x00000000000001d4       0x34 Src/MCAL/EXTI/EXTI_program.o
 .debug_macro   0x0000000000000208       0x6f Src/MCAL/GPIO/GPIO_program.o
 .debug_macro   0x0000000000000277       0x45 Src/MCAL/RCC/RCC_program.o
 .debug_macro   0x00000000000002bc       0x45 Src/MCAL/SYSTICK/SYSTICK_program.o
 .debug_macro   0x0000000000000301      0x4f9 Src/main.o

.debug_line     0x0000000000000000     0x1e7b
 .debug_line    0x0000000000000000      0x1c1 Src/ECUAL/BUZZER/BUZZER_programm.o
 .debug_line    0x00000000000001c1      0x1d5 Src/ECUAL/LED/LED_program.o
 .debug_line    0x0000000000000396      0x362 Src/MCAL/EXTI/EXTI_program.o
 .debug_line    0x00000000000006f8      0x2c0 Src/MCAL/GPIO/GPIO_program.o
 .debug_line    0x00000000000009b8      0x29e Src/MCAL/RCC/RCC_program.o
 .debug_line    0x0000000000000c56      0x1c3 Src/MCAL/SYSTICK/SYSTICK_program.o
 .debug_line    0x0000000000000e19      0xfde Src/main.o
 .debug_line    0x0000000000001df7       0x84 Startup/startup_stm32f401ccux.o

.debug_str      0x0000000000000000     0xc401
 .debug_str     0x0000000000000000     0x4b30 Src/ECUAL/BUZZER/BUZZER_programm.o
                                       0x4bcf (size before relaxing)
 .debug_str     0x0000000000004b30       0xde Src/ECUAL/LED/LED_program.o
                                       0x4c26 (size before relaxing)
 .debug_str     0x0000000000004c0e      0x5d7 Src/MCAL/EXTI/EXTI_program.o
                                       0x4e92 (size before relaxing)
 .debug_str     0x00000000000051e5      0x1b6 Src/MCAL/GPIO/GPIO_program.o
                                       0x4c55 (size before relaxing)
 .debug_str     0x000000000000539b      0x390 Src/MCAL/RCC/RCC_program.o
                                       0x4a52 (size before relaxing)
 .debug_str     0x000000000000572b      0x31e Src/MCAL/SYSTICK/SYSTICK_program.o
                                       0x3167 (size before relaxing)
 .debug_str     0x0000000000005a49     0x6987 Src/main.o
                                       0xba80 (size before relaxing)
 .debug_str     0x000000000000c3d0       0x31 Startup/startup_stm32f401ccux.o
                                         0x63 (size before relaxing)

.comment        0x0000000000000000       0x7b
 .comment       0x0000000000000000       0x7b Src/ECUAL/BUZZER/BUZZER_programm.o
                                         0x7c (size before relaxing)
 .comment       0x000000000000007b       0x7c Src/ECUAL/LED/LED_program.o
 .comment       0x000000000000007b       0x7c Src/MCAL/EXTI/EXTI_program.o
 .comment       0x000000000000007b       0x7c Src/MCAL/GPIO/GPIO_program.o
 .comment       0x000000000000007b       0x7c Src/MCAL/RCC/RCC_program.o
 .comment       0x000000000000007b       0x7c Src/MCAL/SYSTICK/SYSTICK_program.o
 .comment       0x000000000000007b       0x7c Src/main.o

.debug_frame    0x0000000000000000      0xa58
 .debug_frame   0x0000000000000000       0xa0 Src/ECUAL/BUZZER/BUZZER_programm.o
 .debug_frame   0x00000000000000a0       0xa0 Src/ECUAL/LED/LED_program.o
 .debug_frame   0x0000000000000140      0x2e0 Src/MCAL/EXTI/EXTI_program.o
 .debug_frame   0x0000000000000420      0x20c Src/MCAL/GPIO/GPIO_program.o
 .debug_frame   0x000000000000062c      0x234 Src/MCAL/RCC/RCC_program.o
 .debug_frame   0x0000000000000860      0x184 Src/MCAL/SYSTICK/SYSTICK_program.o
 .debug_frame   0x00000000000009e4       0x48 Src/main.o
 .debug_frame   0x0000000000000a2c       0x2c c:/st/stm32cubeide_1.4.0/stm32cubeide/plugins/com.st.stm32cube.ide.mcu.externaltools.gnu-tools-for-stm32.7-2018-q2-update.win32_1.4.0.202007081208/tools/bin/../lib/gcc/arm-none-eabi/7.3.1/../../../../arm-none-eabi/lib/thumb/v7e-m/fpv4-sp/hard\libc_nano.a(lib_a-init.o)
