LCD_program.c:16:18:LCD_8MODE_INTIALIZED	24	static
LCD_program.c:58:18:LCD_8MODE_SEND_COMMAND	24	static
LCD_program.c:79:18:LCD_8MODE_SEND_CHAR_DATA	24	static
LCD_program.c:98:25:LCD_8MODE_SEND_ENABLE	24	static
LCD_program.c:113:18:LCD_8MODE_SEND_CHAR_DATA_WITH_POS	24	static
LCD_program.c:127:18:LCD_8MODE_SEND_STRING	24	static
LCD_program.c:143:18:LCD_8MODE_SEND_STRING_WITH_POS	32	static
LCD_program.c:160:18:LCD_8MODE_SEND_CUSTORMER_CHAR	32	static
LCD_program.c:178:25:LCD_8MODE_SET_CURSOR	24	static
LCD_program.c:208:18:LCD_4MODE_INTIALIZED	24	static
LCD_program.c:253:18:LCD_4MODE_SEND_COMMAND	24	static
LCD_program.c:283:18:LCD_4MODE_SEND_CHAR_DATA	24	static
LCD_program.c:309:18:LCD_4MODE_SEND_CHAR_DATA_WITH_POS	24	static
LCD_program.c:323:18:LCD_4MODE_SEND_STRING	24	static
LCD_program.c:339:18:LCD_4MODE_SEND_STRING_WITH_POS	32	static
LCD_program.c:354:18:LCD_4MODE_SEND_CUSTORMER_CHAR	32	static
LCD_program.c:372:25:LCD_4MODE_SEND_ENABLE	24	static
LCD_program.c:387:25:LCD_4MODE_SEND_DATA_COMMAND	24	static
LCD_program.c:404:25:LCD_4MODE_SET_CURSOR	24	static
LCD_program.c:432:18:LCD_CONVERT_BYTE	24	static
LCD_program.c:445:18:LCD_CONVERT_SHORT	24	static
LCD_program.c:458:18:LCD_CONVERT_INT	24	static
