SYSTICK_program.c:17:18:SYSTICK_INIT	24	static
SYSTICK_program.c:36:18:SYSTICK_DE_INIT	16	static
SYSTICK_program.c:52:18:SYSTICK_SELECT_CLK	16	static
SYSTICK_program.c:68:19:SYSTICK_SET_LOAD_REG	24	static
SYSTICK_program.c:85:18:SYSTICK_GET_REMAINIG_TIME	24	static
SYSTICK_program.c:102:18:SYSTICK_GET_ELAPSED_TIME	24	static
SYSTICK_program.c:119:18:SYSTICK_SET_WAITING_TIME	24	static
SYSTICK_program.c:147:18:SYSTICK_SET_INTERVAL_PRIODIC	24	static
SYSTICK_program.c:177:18:SYSTICK_SET_INTERVAL_SINGLE	24	static
SYSTICK_program.c:207:6:SysTick_Handler	8	static
