Bootloader_program.c:65:19:BL_USART_FEATCH_HOST_COMMAND	24	static
Bootloader_program.c:164:26:CBL_GET_VER_CMD_FUN	24	static
Bootloader_program.c:190:26:CBL_GET_HELP_CMD_FUN	24	static
Bootloader_program.c:217:26:CBL_GET_CID_CMD_FUN	32	static
Bootloader_program.c:240:26:CBL_JUMP_TO_ADDR_CMD_FUN	32	static
Bootloader_program.c:287:25:CBL_FLASH_ERASE_CMD_FUN	24	static
Bootloader_program.c:323:26:CBL_MEM_WRITE_CMD_FUN	32	static
Bootloader_program.c:371:26:CBL_GET_RDP_STATUS_CMD_FUN	24	static
Bootloader_program.c:399:26:CBL_CHANGE_READ_PROTECT_LEVEL_CMD_FUN	24	static
Bootloader_program.c:459:13:BL_CRC_MODIFY	40	static
Bootloader_program.c:498:19:BL_Print_Message	120	static
Bootloader_program.c:525:14:BL_SEND_ACK	24	static
Bootloader_program.c:539:14:BL_SEND_NACK	8	static
Bootloader_program.c:548:15:HOST_JUMP_ADD_VERFACATION	24	static
Bootloader_program.c:572:26:PERFORM_FLASH_ERASE	32	static
Bootloader_program.c:674:15:FLASH_MEMORY_WRITE_PAYLOADING	40	static
Bootloader_program.c:725:14:BL_GET_PROTECTION_LEVEL	24	static
Bootloader_program.c:745:26:CHANGE_READ_PROTECTION_LEVEL	24	static
