EXTI_program.c:13:18:EXTI_INITIALIZE	24	static
EXTI_program.c:30:18:EXTI_SET_TRIGERR	24	static
EXTI_program.c:63:18:EXTI_ENABLE_LINE	24	static
EXTI_program.c:78:18:EXTI_DISABLE_LINE	24	static
EXTI_program.c:95:18:EXTI_SET_SW_TRIGERR	24	static
EXTI_program.c:109:18:EXTI_SET_INTERRUPT_PORT	24	static
EXTI_program.c:125:18:EXTI_CALLBACK_INT	24	static
EXTI_program.c:139:6:EXTI0_IRQHandler	8	static
EXTI_program.c:146:6:EXTI1_IRQHandler	8	static
EXTI_program.c:154:6:EXTI2_IRQHandler	8	static
EXTI_program.c:162:6:EXTI3_IRQHandler	8	static
EXTI_program.c:170:6:EXTI4_IRQHandler	8	static
EXTI_program.c:178:6:EXTI5_IRQHandler	8	static
EXTI_program.c:186:6:EXTI6_IRQHandler	8	static
EXTI_program.c:194:6:EXTI7_IRQHandler	8	static
EXTI_program.c:202:6:EXTI8_IRQHandler	8	static
EXTI_program.c:210:6:EXTI9_IRQHandler	8	static
EXTI_program.c:218:6:EXTI10_IRQHandler	8	static
EXTI_program.c:226:6:EXTI11_IRQHandler	8	static
EXTI_program.c:234:6:EXTI12_IRQHandler	8	static
EXTI_program.c:242:6:EXTI13_IRQHandler	8	static
EXTI_program.c:250:6:EXTI14_IRQHandler	8	static
EXTI_program.c:258:6:EXTI15_IRQHandler	8	static
