GPIO_program.c:52:18:GPIO_PIN_SET_MODE	8	static
GPIO_program.c:89:18:GPIO_PIN_SET_OUTPUT_TYPE	8	static
GPIO_program.c:116:18:GPIO_PIN_SET_OUTPUT_SPEED	8	static
GPIO_program.c:153:18:GPIO_PIN_SET_PULL_TYPE	8	static
GPIO_program.c:186:18:GPIO_PIN_GET_PIN_LOGIC	0	static
GPIO_program.c:202:18:GPIO_PIN_SET_PIN_LOGIC	8	static
GPIO_program.c:229:18:GPIO_PIN_MODE_LOOKED	0	static
GPIO_program.c:247:18:GPIO_PIN_SET_BIT	0	static
GPIO_program.c:263:18:GPIO_PIN_CLEAR_BIT	0	static
GPIO_program.c:279:18:GPIO_PIN_SET_AFPIN	0	static
GPIO_program.c:306:18:GPIO_PIN_TOGGLE_LOGIC	16	static
